#-----------------------------------------------------------
# Vivado v2019.1 (64-bit)
# SW Build 2552052 on Fri May 24 14:49:42 MDT 2019
# IP Build 2548770 on Fri May 24 18:01:18 MDT 2019
# Start of session at: Thu May 25 19:24:46 2023
# Process ID: 21240
# Current directory: C:/Users/dimav/Downloads/Плисы/lab3
# Command line: vivado.exe -gui_launcher_event rodinguilauncherevent14156 C:\Users\dimav\Downloads\Плисы\lab3\lab3.xpr
# Log file: C:/Users/dimav/Downloads/Плисы/lab3/vivado.log
# Journal file: C:/Users/dimav/Downloads/Плисы/lab3\vivado.jou
#-----------------------------------------------------------
start_gui
open_project C:/Users/dimav/Downloads/Плисы/lab3/lab3.xpr
update_compile_order -fileset sources_1
file mkdir C:/Users/dimav/Downloads/Плисы/lab3/lab3.srcs/sim_1/new
set_property SOURCE_SET sources_1 [get_filesets sim_1]
close [ open C:/Users/dimav/Downloads/Плисы/lab3/lab3.srcs/sim_1/new/tb.sv w ]
add_files -fileset sim_1 C:/Users/dimav/Downloads/Плисы/lab3/lab3.srcs/sim_1/new/tb.sv
update_compile_order -fileset sim_1
launch_simulation
source tb.tcl
update_compile_order -fileset sim_1
relaunch_sim
relaunch_sim
run 10 us
relaunch_sim
run 10 us
relaunch_sim
relaunch_sim
relaunch_sim
relaunch_sim
close_sim
